Warning: You are sending unauthenticated requests to the HF Hub. Please set a HF_TOKEN to enable higher rate limits and faster downloads.
[transformers] `torch_dtype` is deprecated! Use `dtype` instead!
Loading weights:   0%|          | 0/338 [00:00<?, ?it/s]Loading weights:   0%|          | 1/338 [00:00<00:40,  8.34it/s]Loading weights:  17%|█▋        | 56/338 [00:00<00:00, 302.55it/s]Loading weights:  36%|███▋      | 123/338 [00:00<00:00, 454.64it/s]Loading weights:  61%|██████    | 207/338 [00:00<00:00, 597.29it/s]Loading weights:  86%|████████▌ | 289/338 [00:00<00:00, 673.22it/s]Loading weights: 100%|██████████| 338/338 [00:00<00:00, 580.55it/s]
Model loaded on device: cuda:0
[transformers] Token indices sequence length is longer than the specified maximum sequence length for this model (299078 > 131072). Running this sequence through the model will result in indexing errors
[seq 0] base_nll=1.9904  adaptive_nll=1.9903  compression=0.506
[seq 1] base_nll=2.4047  adaptive_nll=2.4069  compression=0.506
[seq 2] base_nll=2.6351  adaptive_nll=2.6361  compression=0.506
[seq 3] base_nll=2.4666  adaptive_nll=2.4675  compression=0.506
[seq 4] base_nll=2.1894  adaptive_nll=2.1900  compression=0.506
[seq 5] base_nll=1.7590  adaptive_nll=1.7610  compression=0.506
[seq 6] base_nll=1.5392  adaptive_nll=1.5417  compression=0.506
[seq 7] base_nll=2.0903  adaptive_nll=2.0888  compression=0.506
[seq 8] base_nll=2.2650  adaptive_nll=2.2664  compression=0.506
[seq 9] base_nll=2.3887  adaptive_nll=2.3910  compression=0.506

=== Summary ===
Baseline (FP16, full cache) perplexity: 8.783
Adaptive KV cache perplexity:            8.793
Relative degradation:                    0.11%
Mean KV-cache compression ratio:          0.506  (49.4% memory reduction)

Saved results to:
  results/Qwen_Qwen2.5-1.5B-Instruct_pareto_fp16_0.15_int8_0.3.json
  results/Qwen_Qwen2.5-1.5B-Instruct_pareto_fp16_0.15_int8_0.3.csv
